#
# There is insufficient memory for the Java Runtime Environment to continue.
# Native memory allocation (malloc) failed to allocate 1048576 bytes. Error detail: AllocateHeap
# Possible reasons:
#   The system is out of physical RAM or swap space
#   This process is running with CompressedOops enabled, and the Java Heap may be blocking the growth of the native heap
# Possible solutions:
#   Reduce memory load on the system
#   Increase physical memory or swap space
#   Check if swap backing store is full
#   Decrease Java heap size (-Xmx/-Xms)
#   Decrease number of Java threads
#   Decrease Java thread stack sizes (-Xss)
#   Set larger code cache with -XX:ReservedCodeCacheSize=
#   JVM is running with Unscaled Compressed Oops mode in which the Java heap is
#     placed in the first 4GB address space. The Java Heap base address is the
#     maximum limit for the native heap growth. Please use -XX:HeapBaseMinAddress
#     to set the Java Heap base and to place the Java Heap above 4GB virtual address.
# This output file may be truncated or incomplete.
#
#  Out of Memory Error (allocation.cpp:44), pid=39008, tid=7056
#
# JRE version: OpenJDK Runtime Environment Temurin-21.0.9+10 (21.0.9+10) (build 21.0.9+10-LTS)
# Java VM: OpenJDK 64-Bit Server VM Temurin-21.0.9+10 (21.0.9+10-LTS, mixed mode, sharing, tiered, compressed oops, compressed class ptrs, parallel gc, windows-amd64)
# No core dump will be written. Minidumps are not enabled by default on client versions of Windows
#

---------------  S U M M A R Y ------------

Command Line: --add-modules=ALL-SYSTEM --add-opens=java.base/java.util=ALL-UNNAMED --add-opens=java.base/java.lang=ALL-UNNAMED --add-opens=java.base/sun.nio.fs=ALL-UNNAMED -Declipse.application=org.eclipse.jdt.ls.core.id1 -Dosgi.bundles.defaultStartLevel=4 -Declipse.product=org.eclipse.jdt.ls.core.product -Djava.import.generatesMetadataFilesAtProjectRoot=false -DDetectVMInstallationsJob.disabled=true -Dfile.encoding=utf8 -XX:+UseParallelGC -XX:GCTimeRatio=4 -XX:AdaptiveSizePolicyWeight=90 -Dsun.zip.disableMemoryMapping=true -Xmx2G -Xms100m -Xlog:disable -javaagent:c:\Users\Asus\.antigravity\extensions\redhat.java-1.52.0-win32-x64\lombok\lombok-1.18.39-4050.jar -XX:+HeapDumpOnOutOfMemoryError -XX:HeapDumpPath=c:\Users\Asus\AppData\Roaming\Antigravity\User\workspaceStorage\6ea46dcaa49e66855af1c6cbe6b7c78a\redhat.java -Daether.dependencyCollector.impl=bf c:\Users\Asus\.antigravity\extensions\redhat.java-1.52.0-win32-x64\server\plugins\org.eclipse.equinox.launcher_1.7.100.v20251111-0406.jar -configuration c:\Users\Asus\AppData\Roaming\Antigravity\User\globalStorage\redhat.java\1.52.0\config_win -data c:\Users\Asus\AppData\Roaming\Antigravity\User\workspaceStorage\6ea46dcaa49e66855af1c6cbe6b7c78a\redhat.java\jdt_ws --pipe=\\.\pipe\lsp-8dce2fa07095379a9b21f5da4d19fbcc-sock

Host: AMD Ryzen 7 4800HS with Radeon Graphics         , 16 cores, 15G,  Windows 10 , 64 bit Build 19041 (10.0.19041.5915)
Time: Wed Feb 25 14:26:55 2026 Sri Lanka Standard Time elapsed time: 783535.109525 seconds (9d 1h 38m 55s)

---------------  T H R E A D  ---------------

Current thread (0x0000020160e35620):  JavaThread "Attach Listener" daemon [_thread_in_vm, id=7056, stack(0x000000ac9c500000,0x000000ac9c600000) (1024K)]

Stack: [0x000000ac9c500000,0x000000ac9c600000]
Native frames: (J=compiled Java code, j=interpreted, Vv=VM code, C=native code)
V  [jvm.dll+0x6d6e29]
V  [jvm.dll+0x8b4b76]
V  [jvm.dll+0x8b712e]
V  [jvm.dll+0x8b7813]
V  [jvm.dll+0x283d86]
V  [jvm.dll+0xc1277]
V  [jvm.dll+0x6d76d9]
V  [jvm.dll+0x133466]
V  [jvm.dll+0x3f7ea6]
V  [jvm.dll+0x85e9ad]
V  [jvm.dll+0x6d565d]
C  [ucrtbase.dll+0x21bb2]
C  [KERNEL32.DLL+0x17374]
C  [ntdll.dll+0x4cc91]


---------------  P R O C E S S  ---------------

Threads class SMR info:
_java_thread_list=0x000002016981cb10, length=43, elements={
0x0000020146b41190, 0x000002015f88ad60, 0x000002015f88d5d0, 0x0000020160e34250,
0x0000020160e35620, 0x0000020160e3b420, 0x0000020160e3a700, 0x0000020160e42a40,
0x0000020160e45ef0, 0x0000020160e3c140, 0x0000020160e3c7d0, 0x0000020160e3bab0,
0x0000020160e3ce60, 0x0000020160e399e0, 0x0000020160e3ad90, 0x00000201675c97f0,
0x00000201675ca510, 0x00000201675c8ad0, 0x00000201675c9160, 0x00000201675cb230,
0x00000201675cc5e0, 0x00000201675c9e80, 0x00000201675cbf50, 0x00000201675ccc70,
0x00000201675ce020, 0x00000201675c7090, 0x00000201675c7db0, 0x00000201675c8440,
0x000002016a7e9130, 0x000002016a7eb200, 0x000002016a7e5cb0, 0x000002016a7e8aa0,
0x000002016a7e6340, 0x000002016a7e9e50, 0x000002016a7eab70, 0x000002016a7e4900,
0x000002016a7ea4e0, 0x000002016a7e8410, 0x000002016a7e7060, 0x000002016a7e4f90,
0x000002016c5211b0, 0x000002017684d130, 0x000002017684caa0
}

Java Threads: ( => current thread )
  0x0000020146b41190 JavaThread "main"                              [_thread_blocked, id=37588, stack(0x000000ac9be00000,0x000000ac9bf00000) (1024K)]
  0x000002015f88ad60 JavaThread "Reference Handler"          daemon [_thread_blocked, id=40644, stack(0x000000ac9c200000,0x000000ac9c300000) (1024K)]
  0x000002015f88d5d0 JavaThread "Finalizer"                  daemon [_thread_blocked, id=38360, stack(0x000000ac9c300000,0x000000ac9c400000) (1024K)]
  0x0000020160e34250 JavaThread "Signal Dispatcher"          daemon [_thread_blocked, id=29692, stack(0x000000ac9c400000,0x000000ac9c500000) (1024K)]
=>0x0000020160e35620 JavaThread "Attach Listener"            daemon [_thread_in_vm, id=7056, stack(0x000000ac9c500000,0x000000ac9c600000) (1024K)]
  0x0000020160e3b420 JavaThread "Service Thread"             daemon [_thread_blocked, id=3928, stack(0x000000ac9c600000,0x000000ac9c700000) (1024K)]
  0x0000020160e3a700 JavaThread "Monitor Deflation Thread"   daemon [_thread_blocked, id=33364, stack(0x000000ac9c700000,0x000000ac9c800000) (1024K)]
  0x0000020160e42a40 JavaThread "C2 CompilerThread0"         daemon [_thread_blocked, id=34256, stack(0x000000ac9c800000,0x000000ac9c900000) (1024K)]
  0x0000020160e45ef0 JavaThread "C1 CompilerThread0"         daemon [_thread_blocked, id=39736, stack(0x000000ac9c900000,0x000000ac9ca00000) (1024K)]
  0x0000020160e3c140 JavaThread "Common-Cleaner"             daemon [_thread_blocked, id=39660, stack(0x000000ac9cc00000,0x000000ac9cd00000) (1024K)]
  0x0000020160e3c7d0 JavaThread "Notification Thread"        daemon [_thread_blocked, id=34592, stack(0x000000ac9ce00000,0x000000ac9cf00000) (1024K)]
  0x0000020160e3bab0 JavaThread "Active Thread: Equinox Container: 3bc4bd35-2d5a-43cb-82a3-54c76f41fac3"        [_thread_blocked, id=29500, stack(0x000000ac9d900000,0x000000ac9da00000) (1024K)]
  0x0000020160e3ce60 JavaThread "Refresh Thread: Equinox Container: 3bc4bd35-2d5a-43cb-82a3-54c76f41fac3" daemon [_thread_blocked, id=34692, stack(0x000000ac9ca00000,0x000000ac9cb00000) (1024K)]
  0x0000020160e399e0 JavaThread "Framework Event Dispatcher: Equinox Container: 3bc4bd35-2d5a-43cb-82a3-54c76f41fac3" daemon [_thread_blocked, id=19736, stack(0x000000ac9cb00000,0x000000ac9cc00000) (1024K)]
  0x0000020160e3ad90 JavaThread "Start Level: Equinox Container: 3bc4bd35-2d5a-43cb-82a3-54c76f41fac3" daemon [_thread_blocked, id=23868, stack(0x000000ac9cd00000,0x000000ac9ce00000) (1024K)]
  0x00000201675c97f0 JavaThread "Bundle File Closer"         daemon [_thread_blocked, id=40396, stack(0x000000ac9dc00000,0x000000ac9dd00000) (1024K)]
  0x00000201675ca510 JavaThread "SCR Component Actor"        daemon [_thread_blocked, id=22028, stack(0x000000ac9cf00000,0x000000ac9d000000) (1024K)]
  0x00000201675c8ad0 JavaThread "Worker-JM"                         [_thread_blocked, id=18924, stack(0x000000ac9e200000,0x000000ac9e300000) (1024K)]
  0x00000201675c9160 JavaThread "JNA Cleaner"                daemon [_thread_blocked, id=35244, stack(0x000000ac9e000000,0x000000ac9e100000) (1024K)]
  0x00000201675cb230 JavaThread "Java indexing"              daemon [_thread_blocked, id=34364, stack(0x000000ac9de00000,0x000000ac9df00000) (1024K)]
  0x00000201675cc5e0 JavaThread "Thread-1"                   daemon [_thread_in_native, id=26712, stack(0x000000ac9eb00000,0x000000ac9ec00000) (1024K)]
  0x00000201675c9e80 JavaThread "Thread-2"                   daemon [_thread_in_native, id=11664, stack(0x000000ac9ec00000,0x000000ac9ed00000) (1024K)]
  0x00000201675cbf50 JavaThread "Thread-3"                   daemon [_thread_in_native, id=42724, stack(0x000000ac9ed00000,0x000000ac9ee00000) (1024K)]
  0x00000201675ccc70 JavaThread "Thread-4"                   daemon [_thread_in_native, id=22660, stack(0x000000ac9ee00000,0x000000ac9ef00000) (1024K)]
  0x00000201675ce020 JavaThread "Thread-5"                   daemon [_thread_in_native, id=7744, stack(0x000000ac9ef00000,0x000000ac9f000000) (1024K)]
  0x00000201675c7090 JavaThread "Thread-6"                   daemon [_thread_in_native, id=41396, stack(0x000000ac9f000000,0x000000ac9f100000) (1024K)]
  0x00000201675c7db0 JavaThread "Thread-7"                   daemon [_thread_in_native, id=40084, stack(0x000000ac9f100000,0x000000ac9f200000) (1024K)]
  0x00000201675c8440 JavaThread "Thread-8"                   daemon [_thread_in_native, id=43004, stack(0x000000ac9f200000,0x000000ac9f300000) (1024K)]
  0x000002016a7e9130 JavaThread "Thread-9"                   daemon [_thread_in_native, id=26848, stack(0x000000ac9f300000,0x000000ac9f400000) (1024K)]
  0x000002016a7eb200 JavaThread "Thread-10"                  daemon [_thread_in_native, id=38060, stack(0x000000ac9f400000,0x000000ac9f500000) (1024K)]
  0x000002016a7e5cb0 JavaThread "Thread-11"                  daemon [_thread_in_native, id=34568, stack(0x000000ac9f500000,0x000000ac9f600000) (1024K)]
  0x000002016a7e8aa0 JavaThread "Thread-12"                  daemon [_thread_in_native, id=6244, stack(0x000000ac9f600000,0x000000ac9f700000) (1024K)]
  0x000002016a7e6340 JavaThread "Thread-13"                  daemon [_thread_in_native, id=37636, stack(0x000000ac9f700000,0x000000ac9f800000) (1024K)]
  0x000002016a7e9e50 JavaThread "Thread-14"                  daemon [_thread_in_native, id=11684, stack(0x000000ac9f800000,0x000000ac9f900000) (1024K)]
  0x000002016a7eab70 JavaThread "Thread-15"                  daemon [_thread_in_native, id=28436, stack(0x000000ac9f900000,0x000000ac9fa00000) (1024K)]
  0x000002016a7e4900 JavaThread "Thread-16"                  daemon [_thread_in_native, id=30268, stack(0x000000ac9fa00000,0x000000ac9fb00000) (1024K)]
  0x000002016a7ea4e0 JavaThread "Thread-17"                  daemon [_thread_in_native, id=34116, stack(0x000000ac9fb00000,0x000000ac9fc00000) (1024K)]
  0x000002016a7e8410 JavaThread "pool-2-thread-1"                   [_thread_blocked, id=35792, stack(0x000000ac9fc00000,0x000000ac9fd00000) (1024K)]
  0x000002016a7e7060 JavaThread "WorkspaceEventsHandler"            [_thread_blocked, id=32552, stack(0x000000ac9fe00000,0x000000ac9ff00000) (1024K)]
  0x000002016a7e4f90 JavaThread "pool-1-thread-1"                   [_thread_blocked, id=42008, stack(0x000000ac9ff00000,0x000000aca0000000) (1024K)]
  0x000002016c5211b0 JavaThread "Cleaner-0"                  daemon [_thread_blocked, id=27040, stack(0x000000aca2f00000,0x000000aca3000000) (1024K)]
  0x000002017684d130 JavaThread "Worker-32"                         [_thread_blocked, id=6868, stack(0x000000ac9bc00000,0x000000ac9bd00000) (1024K)]
  0x000002017684caa0 JavaThread "Worker-33"                         [_thread_blocked, id=18180, stack(0x000000ac9bb00000,0x000000ac9bc00000) (1024K)]
Total: 43

Other Threads:
  0x000002015f874a30 VMThread "VM Thread"                           [id=26160, stack(0x000000ac9c100000,0x000000ac9c200000) (1024K)]
  0x0000020148e477e0 WatcherThread "VM Periodic Task Thread"        [id=16772, stack(0x000000ac9c000000,0x000000ac9c100000) (1024K)]
  0x0000020148df7020 WorkerThread "GC Thread#0"                     [id=21252, stack(0x000000ac9bf00000,0x000000ac9c000000) (1024K)]
  0x0000020162c57b10 WorkerThread "GC Thread#1"                     [id=9404, stack(0x000000ac9d000000,0x000000ac9d100000) (1024K)]
  0x00000201625a5710 WorkerThread "GC Thread#2"                     [id=20704, stack(0x000000ac9d100000,0x000000ac9d200000) (1024K)]
  0x00000201625a5ab0 WorkerThread "GC Thread#3"                     [id=26876, stack(0x000000ac9d200000,0x000000ac9d300000) (1024K)]
  0x00000201625a5e50 WorkerThread "GC Thread#4"                     [id=34072, stack(0x000000ac9d300000,0x000000ac9d400000) (1024K)]
  0x0000020162c6f990 WorkerThread "GC Thread#5"                     [id=22544, stack(0x000000ac9d400000,0x000000ac9d500000) (1024K)]
  0x0000020162c70140 WorkerThread "GC Thread#6"                     [id=35080, stack(0x000000ac9d500000,0x000000ac9d600000) (1024K)]
  0x0000020167193ee0 WorkerThread "GC Thread#7"                     [id=25384, stack(0x000000ac9d700000,0x000000ac9d800000) (1024K)]
  0x00000201672bcf70 WorkerThread "GC Thread#8"                     [id=39300, stack(0x000000ac9d600000,0x000000ac9d700000) (1024K)]
  0x00000201672be190 WorkerThread "GC Thread#9"                     [id=37128, stack(0x000000ac9d800000,0x000000ac9d900000) (1024K)]
  0x00000201672bd310 WorkerThread "GC Thread#10"                    [id=8424, stack(0x000000ac9da00000,0x000000ac9db00000) (1024K)]
  0x00000201672bd6b0 WorkerThread "GC Thread#11"                    [id=42600, stack(0x000000ac9e300000,0x000000ac9e400000) (1024K)]
  0x00000201672bddf0 WorkerThread "GC Thread#12"                    [id=37652, stack(0x000000ac9e400000,0x000000ac9e500000) (1024K)]
Total: 15

Threads with active compile tasks:
Total: 0

VM state: not at safepoint (normal execution)

VM Mutex/Monitor currently owned by a thread: None

Heap address: 0x0000000080000000, size: 2048 MB, Compressed Oops mode: 32-bit

CDS archive(s) mapped at: [0x0000020100000000-0x0000020100ba0000-0x0000020100ba0000), size 12189696, SharedBaseAddress: 0x0000020100000000, ArchiveRelocationMode: 1.
Compressed class space mapped at: 0x0000020101000000-0x0000020141000000, reserved size: 1073741824
Narrow klass base: 0x0000020100000000, Narrow klass shift: 0, Narrow klass range: 0x100000000

GC Precious Log:
 CardTable entry size: 512
 CPUs: 16 total, 16 available
 Memory: 15789M
 Large Page Support: Disabled
 NUMA Support: Disabled
 Compressed Oops: Enabled (32-bit)
 Alignments: Space 512K, Generation 512K, Heap 2M
 Heap Min Capacity: 100M
 Heap Initial Capacity: 100M
 Heap Max Capacity: 2G
 Pre-touch: Disabled
 Parallel Workers: 13

Heap:
 PSYoungGen      total 3584K, used 1683K [0x00000000d5580000, 0x00000000d5c00000, 0x0000000100000000)
  eden space 3072K, 39% used [0x00000000d5580000,0x00000000d56acde0,0x00000000d5880000)
  from space 512K, 93% used [0x00000000d5900000,0x00000000d5978000,0x00000000d5980000)
  to   space 1536K, 0% used [0x00000000d5a80000,0x00000000d5a80000,0x00000000d5c00000)
 ParOldGen       total 610816K, used 610371K [0x0000000080000000, 0x00000000a5480000, 0x00000000d5580000)
  object space 610816K, 99% used [0x0000000080000000,0x00000000a5410c48,0x00000000a5480000)
 Metaspace       used 98965K, committed 100800K, reserved 1179648K
  class space    used 9598K, committed 10432K, reserved 1048576K

Card table byte_map: [0x00000201487b0000,0x0000020148bc0000] _byte_map_base: 0x00000201483b0000

Marking Bits: (ParMarkBitMap*) 0x00007ffe65342460
 Begin Bits: [0x000002015b290000, 0x000002015d290000)
 End Bits:   [0x000002015d290000, 0x000002015f290000)

Polling page: 0x00000201485a0000

Metaspace:

Usage:
  Non-class:     87.27 MB used.
      Class:      9.37 MB used.
       Both:     96.65 MB used.

Virtual space:
  Non-class space:      128.00 MB reserved,      88.25 MB ( 69%) committed,  2 nodes.
      Class space:        1.00 GB reserved,      10.19 MB ( <1%) committed,  1 nodes.
             Both:        1.12 GB reserved,      98.44 MB (  9%) committed. 

Chunk freelists:
   Non-Class:  7.79 MB
       Class:  5.87 MB
        Both:  13.66 MB

MaxMetaspaceSize: unlimited
CompressedClassSpaceSize: 1.00 GB
Initial GC threshold: 21.00 MB
Current GC threshold: 160.25 MB
CDS: on
 - commit_granule_bytes: 65536.
 - commit_granule_words: 8192.
 - virtual_space_node_default_size: 8388608.
 - enlarge_chunks_in_place: 1.
 - use_allocation_guard: 0.


Internal statistics:

num_allocs_failed_limit: 9.
num_arena_births: 2176.
num_arena_deaths: 474.
num_vsnodes_births: 3.
num_vsnodes_deaths: 0.
num_space_committed: 1591.
num_space_uncommitted: 12.
num_chunks_returned_to_freelist: 690.
num_chunks_taken_from_freelist: 7365.
num_chunk_merges: 174.
num_chunk_splits: 4226.
num_chunks_enlarged: 2341.
num_inconsistent_stats: 0.

CodeHeap 'non-profiled nmethods': size=119168Kb used=30613Kb max_used=35485Kb free=88554Kb
 bounds [0x0000020153b80000, 0x0000020155e30000, 0x000002015afe0000]
CodeHeap 'profiled nmethods': size=119104Kb used=47417Kb max_used=60296Kb free=71686Kb
 bounds [0x000002014bfe0000, 0x000002014fad0000, 0x0000020153430000]
CodeHeap 'non-nmethods': size=7488Kb used=1552Kb max_used=3299Kb free=5935Kb
 bounds [0x0000020153430000, 0x00000201537a0000, 0x0000020153b80000]
CodeCache: size=245760Kb, used=79582Kb, max_used=99080Kb, free=166175Kb
 total_blobs=21450, nmethods=20573, adapters=775, full_count=0
Compilation: enabled, stopped_count=0, restarted_count=0

Compilation events (20 events):
Event: 779604.848 Thread 0x0000020160e42a40 33889       4       org.eclipse.jdt.core.dom.ASTVisitor::endVisit (1 bytes)
Event: 779604.848 Thread 0x0000020160e42a40 nmethod 33889 0x00000201543a0890 code [0x00000201543a0a20, 0x00000201543a0aa8]
Event: 779845.148 Thread 0x0000020160e45ef0 33890       1       org.eclipse.core.internal.resources.SafeFileTable::getWorkspace (5 bytes)
Event: 779845.148 Thread 0x0000020160e45ef0 nmethod 33890 0x00000201543f2e10 code [0x00000201543f2fa0, 0x00000201543f3068]
Event: 779845.149 Thread 0x0000020160e45ef0 33891       1       org.eclipse.core.internal.resources.SaveContext::getWorkspace (5 bytes)
Event: 779845.149 Thread 0x0000020160e45ef0 nmethod 33891 0x00000201543f2b10 code [0x00000201543f2ca0, 0x00000201543f2d68]
Event: 779845.149 Thread 0x0000020160e45ef0 33893       3       java.lang.Long::toString (8 bytes)
Event: 779845.150 Thread 0x0000020160e45ef0 nmethod 33893 0x000002014ddbce10 code [0x000002014ddbcfc0, 0x000002014ddbd100]
Event: 779845.150 Thread 0x0000020160e45ef0 33892       3       com.sun.org.apache.xerces.internal.dom.AttrImpl::getOwnerElement (19 bytes)
Event: 779845.152 Thread 0x0000020160e42a40 33895       4       com.sun.org.apache.xml.internal.serializer.WriterToUTF8Buffered::write (296 bytes)
Event: 779845.153 Thread 0x0000020160e42a40 nmethod 33895 0x0000020154827c90 code [0x0000020154827e20, 0x0000020154827f48]
Event: 779845.154 Thread 0x0000020160e45ef0 nmethod 33892 0x000002014e449090 code [0x000002014e449240, 0x000002014e449560]
Event: 779845.154 Thread 0x0000020160e45ef0 33894       3       jdk.xml.internal.XMLSecurityManager$Limit::values (10 bytes)
Event: 779845.164 Thread 0x0000020160e45ef0 nmethod 33894 0x000002014e454790 code [0x000002014e454940, 0x000002014e454be8]
Event: 779845.165 Thread 0x0000020160e45ef0 33896       1       org.eclipse.jdt.launching.AbstractVMInstall::getLibraryLocations (5 bytes)
Event: 779845.168 Thread 0x0000020160e45ef0 nmethod 33896 0x0000020154acbc10 code [0x0000020154acbda0, 0x0000020154acbe68]
Event: 779845.168 Thread 0x0000020160e45ef0 33897       1       org.eclipse.core.internal.resources.SaveContext::getPluginId (5 bytes)
Event: 779845.168 Thread 0x0000020160e45ef0 nmethod 33897 0x0000020154acb910 code [0x0000020154acbaa0, 0x0000020154acbb68]
Event: 780324.978 Thread 0x0000020160e45ef0 33898       3       sun.nio.fs.NativeBuffers$1::threadTerminated (34 bytes)
Event: 780324.985 Thread 0x0000020160e45ef0 nmethod 33898 0x000002014cf4f610 code [0x000002014cf4f820, 0x000002014cf4ff30]

GC Heap History (20 events):
Event: 779545.339 GC heap before
{Heap before GC invocations=4747 (full 8):
 PSYoungGen      total 5632K, used 3392K [0x00000000d5580000, 0x00000000d5c00000, 0x0000000100000000)
  eden space 3072K, 100% used [0x00000000d5580000,0x00000000d5880000,0x00000000d5880000)
  from space 2560K, 12% used [0x00000000d5880000,0x00000000d58d0000,0x00000000d5b00000)
  to   space 1024K, 0% used [0x00000000d5b00000,0x00000000d5b00000,0x00000000d5c00000)
 ParOldGen       total 601600K, used 601562K [0x0000000080000000, 0x00000000a4b80000, 0x00000000d5580000)
  object space 601600K, 99% used [0x0000000080000000,0x00000000a4b76af0,0x00000000a4b80000)
 Metaspace       used 98961K, committed 100800K, reserved 1179648K
  class space    used 9598K, committed 10432K, reserved 1048576K
}
Event: 779545.344 GC heap after
{Heap after GC invocations=4747 (full 8):
 PSYoungGen      total 3584K, used 432K [0x00000000d5580000, 0x00000000d5b80000, 0x0000000100000000)
  eden space 3072K, 0% used [0x00000000d5580000,0x00000000d5580000,0x00000000d5880000)
  from space 512K, 84% used [0x00000000d5b00000,0x00000000d5b6c010,0x00000000d5b80000)
  to   space 512K, 0% used [0x00000000d5a80000,0x00000000d5a80000,0x00000000d5b00000)
 ParOldGen       total 602112K, used 601650K [0x0000000080000000, 0x00000000a4c00000, 0x00000000d5580000)
  object space 602112K, 99% used [0x0000000080000000,0x00000000a4b8caf0,0x00000000a4c00000)
 Metaspace       used 98961K, committed 100800K, reserved 1179648K
  class space    used 9598K, committed 10432K, reserved 1048576K
}
Event: 779545.534 GC heap before
{Heap before GC invocations=4748 (full 8):
 PSYoungGen      total 3584K, used 3504K [0x00000000d5580000, 0x00000000d5b80000, 0x0000000100000000)
  eden space 3072K, 100% used [0x00000000d5580000,0x00000000d5880000,0x00000000d5880000)
  from space 512K, 84% used [0x00000000d5b00000,0x00000000d5b6c010,0x00000000d5b80000)
  to   space 512K, 0% used [0x00000000d5a80000,0x00000000d5a80000,0x00000000d5b00000)
 ParOldGen       total 602112K, used 601650K [0x0000000080000000, 0x00000000a4c00000, 0x00000000d5580000)
  object space 602112K, 99% used [0x0000000080000000,0x00000000a4b8caf0,0x00000000a4c00000)
 Metaspace       used 98964K, committed 100800K, reserved 1179648K
  class space    used 9598K, committed 10432K, reserved 1048576K
}
Event: 779545.536 GC heap after
{Heap after GC invocations=4748 (full 8):
 PSYoungGen      total 3584K, used 416K [0x00000000d5580000, 0x00000000d5b80000, 0x0000000100000000)
  eden space 3072K, 0% used [0x00000000d5580000,0x00000000d5580000,0x00000000d5880000)
  from space 512K, 81% used [0x00000000d5a80000,0x00000000d5ae8000,0x00000000d5b00000)
  to   space 512K, 0% used [0x00000000d5b00000,0x00000000d5b00000,0x00000000d5b80000)
 ParOldGen       total 602112K, used 601802K [0x0000000080000000, 0x00000000a4c00000, 0x00000000d5580000)
  object space 602112K, 99% used [0x0000000080000000,0x00000000a4bb2af0,0x00000000a4c00000)
 Metaspace       used 98964K, committed 100800K, reserved 1179648K
  class space    used 9598K, committed 10432K, reserved 1048576K
}
Event: 779587.852 GC heap before
{Heap before GC invocations=4749 (full 8):
 PSYoungGen      total 3584K, used 3488K [0x00000000d5580000, 0x00000000d5b80000, 0x0000000100000000)
  eden space 3072K, 100% used [0x00000000d5580000,0x00000000d5880000,0x00000000d5880000)
  from space 512K, 81% used [0x00000000d5a80000,0x00000000d5ae8000,0x00000000d5b00000)
  to   space 512K, 0% used [0x00000000d5b00000,0x00000000d5b00000,0x00000000d5b80000)
 ParOldGen       total 602112K, used 601802K [0x0000000080000000, 0x00000000a4c00000, 0x00000000d5580000)
  object space 602112K, 99% used [0x0000000080000000,0x00000000a4bb2af0,0x00000000a4c00000)
 Metaspace       used 98964K, committed 100800K, reserved 1179648K
  class space    used 9598K, committed 10432K, reserved 1048576K
}
Event: 779587.853 GC heap after
{Heap after GC invocations=4749 (full 8):
 PSYoungGen      total 3584K, used 489K [0x00000000d5580000, 0x00000000d5b80000, 0x0000000100000000)
  eden space 3072K, 0% used [0x00000000d5580000,0x00000000d5580000,0x00000000d5880000)
  from space 512K, 95% used [0x00000000d5b00000,0x00000000d5b7a420,0x00000000d5b80000)
  to   space 1024K, 0% used [0x00000000d5980000,0x00000000d5980000,0x00000000d5a80000)
 ParOldGen       total 602112K, used 601914K [0x0000000080000000, 0x00000000a4c00000, 0x00000000d5580000)
  object space 602112K, 99% used [0x0000000080000000,0x00000000a4bceaf0,0x00000000a4c00000)
 Metaspace       used 98964K, committed 100800K, reserved 1179648K
  class space    used 9598K, committed 10432K, reserved 1048576K
}
Event: 779587.856 GC heap before
{Heap before GC invocations=4750 (full 8):
 PSYoungGen      total 3584K, used 3561K [0x00000000d5580000, 0x00000000d5b80000, 0x0000000100000000)
  eden space 3072K, 100% used [0x00000000d5580000,0x00000000d5880000,0x00000000d5880000)
  from space 512K, 95% used [0x00000000d5b00000,0x00000000d5b7a420,0x00000000d5b80000)
  to   space 1024K, 0% used [0x00000000d5980000,0x00000000d5980000,0x00000000d5a80000)
 ParOldGen       total 602112K, used 601914K [0x0000000080000000, 0x00000000a4c00000, 0x00000000d5580000)
  object space 602112K, 99% used [0x0000000080000000,0x00000000a4bceaf0,0x00000000a4c00000)
 Metaspace       used 98964K, committed 100800K, reserved 1179648K
  class space    used 9598K, committed 10432K, reserved 1048576K
}
Event: 779587.857 GC heap after
{Heap after GC invocations=4750 (full 8):
 PSYoungGen      total 4096K, used 640K [0x00000000d5580000, 0x00000000d5b80000, 0x0000000100000000)
  eden space 3072K, 0% used [0x00000000d5580000,0x00000000d5580000,0x00000000d5880000)
  from space 1024K, 62% used [0x00000000d5980000,0x00000000d5a20000,0x00000000d5a80000)
  to   space 1024K, 0% used [0x00000000d5a80000,0x00000000d5a80000,0x00000000d5b80000)
 ParOldGen       total 602624K, used 602257K [0x0000000080000000, 0x00000000a4c80000, 0x00000000d5580000)
  object space 602624K, 99% used [0x0000000080000000,0x00000000a4c24620,0x00000000a4c80000)
 Metaspace       used 98964K, committed 100800K, reserved 1179648K
  class space    used 9598K, committed 10432K, reserved 1048576K
}
Event: 779587.912 GC heap before
{Heap before GC invocations=4751 (full 8):
 PSYoungGen      total 4096K, used 3712K [0x00000000d5580000, 0x00000000d5b80000, 0x0000000100000000)
  eden space 3072K, 100% used [0x00000000d5580000,0x00000000d5880000,0x00000000d5880000)
  from space 1024K, 62% used [0x00000000d5980000,0x00000000d5a20000,0x00000000d5a80000)
  to   space 1024K, 0% used [0x00000000d5a80000,0x00000000d5a80000,0x00000000d5b80000)
 ParOldGen       total 602624K, used 602257K [0x0000000080000000, 0x00000000a4c80000, 0x00000000d5580000)
  object space 602624K, 99% used [0x0000000080000000,0x00000000a4c24620,0x00000000a4c80000)
 Metaspace       used 98964K, committed 100800K, reserved 1179648K
  class space    used 9598K, committed 10432K, reserved 1048576K
}
Event: 779587.915 GC heap after
{Heap after GC invocations=4751 (full 8):
 PSYoungGen      total 4096K, used 713K [0x00000000d5580000, 0x00000000d5b80000, 0x0000000100000000)
  eden space 3072K, 0% used [0x00000000d5580000,0x00000000d5580000,0x00000000d5880000)
  from space 1024K, 69% used [0x00000000d5a80000,0x00000000d5b32400,0x00000000d5b80000)
  to   space 1024K, 0% used [0x00000000d5980000,0x00000000d5980000,0x00000000d5a80000)
 ParOldGen       total 603136K, used 602689K [0x0000000080000000, 0x00000000a4d00000, 0x00000000d5580000)
  object space 603136K, 99% used [0x0000000080000000,0x00000000a4c90620,0x00000000a4d00000)
 Metaspace       used 98964K, committed 100800K, reserved 1179648K
  class space    used 9598K, committed 10432K, reserved 1048576K
}
Event: 779588.763 GC heap before
{Heap before GC invocations=4752 (full 8):
 PSYoungGen      total 4096K, used 3785K [0x00000000d5580000, 0x00000000d5b80000, 0x0000000100000000)
  eden space 3072K, 100% used [0x00000000d5580000,0x00000000d5880000,0x00000000d5880000)
  from space 1024K, 69% used [0x00000000d5a80000,0x00000000d5b32400,0x00000000d5b80000)
  to   space 1024K, 0% used [0x00000000d5980000,0x00000000d5980000,0x00000000d5a80000)
 ParOldGen       total 603136K, used 602689K [0x0000000080000000, 0x00000000a4d00000, 0x00000000d5580000)
  object space 603136K, 99% used [0x0000000080000000,0x00000000a4c90620,0x00000000a4d00000)
 Metaspace       used 98964K, committed 100800K, reserved 1179648K
  class space    used 9598K, committed 10432K, reserved 1048576K
}
Event: 779588.765 GC heap after
{Heap after GC invocations=4752 (full 8):
 PSYoungGen      total 4096K, used 993K [0x00000000d5580000, 0x00000000d5e80000, 0x0000000100000000)
  eden space 3072K, 0% used [0x00000000d5580000,0x00000000d5580000,0x00000000d5880000)
  from space 1024K, 97% used [0x00000000d5980000,0x00000000d5a78560,0x00000000d5a80000)
  to   space 3072K, 0% used [0x00000000d5b80000,0x00000000d5b80000,0x00000000d5e80000)
 ParOldGen       total 604672K, used 604318K [0x0000000080000000, 0x00000000a4e80000, 0x00000000d5580000)
  object space 604672K, 99% used [0x0000000080000000,0x00000000a4e27a98,0x00000000a4e80000)
 Metaspace       used 98964K, committed 100800K, reserved 1179648K
  class space    used 9598K, committed 10432K, reserved 1048576K
}
Event: 779590.793 GC heap before
{Heap before GC invocations=4753 (full 8):
 PSYoungGen      total 4096K, used 4026K [0x00000000d5580000, 0x00000000d5e80000, 0x0000000100000000)
  eden space 3072K, 98% used [0x00000000d5580000,0x00000000d5876580,0x00000000d5880000)
  from space 1024K, 97% used [0x00000000d5980000,0x00000000d5a78560,0x00000000d5a80000)
  to   space 3072K, 0% used [0x00000000d5b80000,0x00000000d5b80000,0x00000000d5e80000)
 ParOldGen       total 604672K, used 604318K [0x0000000080000000, 0x00000000a4e80000, 0x00000000d5580000)
  object space 604672K, 99% used [0x0000000080000000,0x00000000a4e27a98,0x00000000a4e80000)
 Metaspace       used 98964K, committed 100800K, reserved 1179648K
  class space    used 9598K, committed 10432K, reserved 1048576K
}
Event: 779590.795 GC heap after
{Heap after GC invocations=4753 (full 8):
 PSYoungGen      total 6144K, used 2752K [0x00000000d5580000, 0x00000000d5e80000, 0x0000000100000000)
  eden space 3072K, 0% used [0x00000000d5580000,0x00000000d5580000,0x00000000d5880000)
  from space 3072K, 89% used [0x00000000d5b80000,0x00000000d5e300a0,0x00000000d5e80000)
  to   space 3072K, 0% used [0x00000000d5880000,0x00000000d5880000,0x00000000d5b80000)
 ParOldGen       total 605696K, used 605309K [0x0000000080000000, 0x00000000a4f80000, 0x00000000d5580000)
  object space 605696K, 99% used [0x0000000080000000,0x00000000a4f1f5b8,0x00000000a4f80000)
 Metaspace       used 98964K, committed 100800K, reserved 1179648K
  class space    used 9598K, committed 10432K, reserved 1048576K
}
Event: 779593.327 GC heap before
{Heap before GC invocations=4754 (full 8):
 PSYoungGen      total 6144K, used 5824K [0x00000000d5580000, 0x00000000d5e80000, 0x0000000100000000)
  eden space 3072K, 100% used [0x00000000d5580000,0x00000000d5880000,0x00000000d5880000)
  from space 3072K, 89% used [0x00000000d5b80000,0x00000000d5e300a0,0x00000000d5e80000)
  to   space 3072K, 0% used [0x00000000d5880000,0x00000000d5880000,0x00000000d5b80000)
 ParOldGen       total 605696K, used 605309K [0x0000000080000000, 0x00000000a4f80000, 0x00000000d5580000)
  object space 605696K, 99% used [0x0000000080000000,0x00000000a4f1f5b8,0x00000000a4f80000)
 Metaspace       used 98964K, committed 100800K, reserved 1179648K
  class space    used 9598K, committed 10432K, reserved 1048576K
}
Event: 779593.329 GC heap after
{Heap after GC invocations=4754 (full 8):
 PSYoungGen      total 6144K, used 2499K [0x00000000d5580000, 0x00000000d5e80000, 0x0000000100000000)
  eden space 3072K, 0% used [0x00000000d5580000,0x00000000d5580000,0x00000000d5880000)
  from space 3072K, 81% used [0x00000000d5880000,0x00000000d5af0c08,0x00000000d5b80000)
  to   space 3072K, 0% used [0x00000000d5b80000,0x00000000d5b80000,0x00000000d5e80000)
 ParOldGen       total 608256K, used 607879K [0x0000000080000000, 0x00000000a5200000, 0x00000000d5580000)
  object space 608256K, 99% used [0x0000000080000000,0x00000000a51a1f60,0x00000000a5200000)
 Metaspace       used 98964K, committed 100800K, reserved 1179648K
  class space    used 9598K, committed 10432K, reserved 1048576K
}
Event: 779599.271 GC heap before
{Heap before GC invocations=4755 (full 8):
 PSYoungGen      total 6144K, used 5571K [0x00000000d5580000, 0x00000000d5e80000, 0x0000000100000000)
  eden space 3072K, 100% used [0x00000000d5580000,0x00000000d5880000,0x00000000d5880000)
  from space 3072K, 81% used [0x00000000d5880000,0x00000000d5af0c08,0x00000000d5b80000)
  to   space 3072K, 0% used [0x00000000d5b80000,0x00000000d5b80000,0x00000000d5e80000)
 ParOldGen       total 608256K, used 607879K [0x0000000080000000, 0x00000000a5200000, 0x00000000d5580000)
  object space 608256K, 99% used [0x0000000080000000,0x00000000a51a1f60,0x00000000a5200000)
 Metaspace       used 98964K, committed 100800K, reserved 1179648K
  class space    used 9598K, committed 10432K, reserved 1048576K
}
Event: 779599.273 GC heap after
{Heap after GC invocations=4755 (full 8):
 PSYoungGen      total 5632K, used 2358K [0x00000000d5580000, 0x00000000d5e00000, 0x0000000100000000)
  eden space 3072K, 0% used [0x00000000d5580000,0x00000000d5580000,0x00000000d5880000)
  from space 2560K, 92% used [0x00000000d5b80000,0x00000000d5dcdb28,0x00000000d5e00000)
  to   space 2560K, 0% used [0x00000000d5900000,0x00000000d5900000,0x00000000d5b80000)
 ParOldGen       total 610304K, used 610179K [0x0000000080000000, 0x00000000a5400000, 0x00000000d5580000)
  object space 610304K, 99% used [0x0000000080000000,0x00000000a53e0c48,0x00000000a5400000)
 Metaspace       used 98964K, committed 100800K, reserved 1179648K
  class space    used 9598K, committed 10432K, reserved 1048576K
}
Event: 779845.283 GC heap before
{Heap before GC invocations=4756 (full 8):
 PSYoungGen      total 5632K, used 5430K [0x00000000d5580000, 0x00000000d5e00000, 0x0000000100000000)
  eden space 3072K, 100% used [0x00000000d5580000,0x00000000d5880000,0x00000000d5880000)
  from space 2560K, 92% used [0x00000000d5b80000,0x00000000d5dcdb28,0x00000000d5e00000)
  to   space 2560K, 0% used [0x00000000d5900000,0x00000000d5900000,0x00000000d5b80000)
 ParOldGen       total 610304K, used 610179K [0x0000000080000000, 0x00000000a5400000, 0x00000000d5580000)
  object space 610304K, 99% used [0x0000000080000000,0x00000000a53e0c48,0x00000000a5400000)
 Metaspace       used 98965K, committed 100800K, reserved 1179648K
  class space    used 9598K, committed 10432K, reserved 1048576K
}
Event: 779845.287 GC heap after
{Heap after GC invocations=4756 (full 8):
 PSYoungGen      total 3584K, used 480K [0x00000000d5580000, 0x00000000d5c00000, 0x0000000100000000)
  eden space 3072K, 0% used [0x00000000d5580000,0x00000000d5580000,0x00000000d5880000)
  from space 512K, 93% used [0x00000000d5900000,0x00000000d5978000,0x00000000d5980000)
  to   space 1536K, 0% used [0x00000000d5a80000,0x00000000d5a80000,0x00000000d5c00000)
 ParOldGen       total 610816K, used 610371K [0x0000000080000000, 0x00000000a5480000, 0x00000000d5580000)
  object space 610816K, 99% used [0x0000000080000000,0x00000000a5410c48,0x00000000a5480000)
 Metaspace       used 98965K, committed 100800K, reserved 1179648K
  class space    used 9598K, committed 10432K, reserved 1048576K
}

Dll operation events (12 events):
Event: 0.010 Loaded shared library c:\Users\Asus\.antigravity\extensions\redhat.java-1.52.0-win32-x64\jre\21.0.9-win32-x86_64\bin\java.dll
Event: 0.098 Loaded shared library c:\Users\Asus\.antigravity\extensions\redhat.java-1.52.0-win32-x64\jre\21.0.9-win32-x86_64\bin\zip.dll
Event: 0.125 Loaded shared library C:\Users\Asus\.antigravity\extensions\redhat.java-1.52.0-win32-x64\jre\21.0.9-win32-x86_64\bin\instrument.dll
Event: 0.131 Loaded shared library C:\Users\Asus\.antigravity\extensions\redhat.java-1.52.0-win32-x64\jre\21.0.9-win32-x86_64\bin\net.dll
Event: 0.133 Loaded shared library C:\Users\Asus\.antigravity\extensions\redhat.java-1.52.0-win32-x64\jre\21.0.9-win32-x86_64\bin\nio.dll
Event: 0.136 Loaded shared library C:\Users\Asus\.antigravity\extensions\redhat.java-1.52.0-win32-x64\jre\21.0.9-win32-x86_64\bin\zip.dll
Event: 0.159 Loaded shared library C:\Users\Asus\.antigravity\extensions\redhat.java-1.52.0-win32-x64\jre\21.0.9-win32-x86_64\bin\jimage.dll
Event: 0.239 Loaded shared library c:\Users\Asus\.antigravity\extensions\redhat.java-1.52.0-win32-x64\jre\21.0.9-win32-x86_64\bin\verify.dll
Event: 11.665 Loaded shared library C:\Users\Asus\AppData\Roaming\Antigravity\User\globalStorage\redhat.java\1.52.0\config_win\org.eclipse.equinox.launcher\org.eclipse.equinox.launcher.win32.win32.x86_64_1.2.1500.v20260121-1430\eclipse_11919.dll
Event: 23.942 Loaded shared library C:\Users\Asus\AppData\Local\Temp\jna-2050672\jna6421251583413001031.dll
Event: 25.544 Loaded shared library C:\Users\Asus\.antigravity\extensions\redhat.java-1.52.0-win32-x64\jre\21.0.9-win32-x86_64\bin\sunmscapi.dll
Event: 25.965 Loaded shared library C:\Users\Asus\.antigravity\extensions\redhat.java-1.52.0-win32-x64\jre\21.0.9-win32-x86_64\bin\extnet.dll

Deoptimization events (20 events):
Event: 769397.300 Thread 0x000002017684b060 Uncommon trap: trap_request=0xffffff45 fr.pc=0x00000201558b61dc relative=0x000000000000433c
Event: 769397.301 Thread 0x000002017684b060 Uncommon trap: reason=unstable_if action=reinterpret pc=0x00000201558b61dc method=org.eclipse.jdt.internal.compiler.parser.Scanner.internalScanIdentifierOrKeyword(II[C)Lorg/eclipse/jdt/internal/compiler/parser/TerminalToken; @ 4967 c2
Event: 769397.301 Thread 0x000002017684b060 DEOPT PACKING pc=0x00000201558b61dc sp=0x000000ac9ddfdce0
Event: 769397.301 Thread 0x000002017684b060 DEOPT UNPACKING pc=0x0000020153483aa2 sp=0x000000ac9ddfdc78 mode 2
Event: 769397.304 Thread 0x000002017684b060 Uncommon trap: trap_request=0xffffffde fr.pc=0x000002015543c938 relative=0x0000000000001a58
Event: 769397.304 Thread 0x000002017684b060 Uncommon trap: reason=class_check action=maybe_recompile pc=0x000002015543c938 method=org.eclipse.jdt.internal.compiler.parser.Parser.consumeRule(I)V @ 4579 c2
Event: 769397.305 Thread 0x000002017684b060 DEOPT PACKING pc=0x000002015543c938 sp=0x000000ac9ddfde40
Event: 769397.305 Thread 0x000002017684b060 DEOPT UNPACKING pc=0x0000020153483aa2 sp=0x000000ac9ddfddd0 mode 2
Event: 769397.306 Thread 0x000002017684b060 Uncommon trap: trap_request=0xffffff45 fr.pc=0x0000020154b3d254 relative=0x0000000000000734
Event: 769397.306 Thread 0x000002017684b060 Uncommon trap: reason=unstable_if action=reinterpret pc=0x0000020154b3d254 method=org.eclipse.jdt.internal.compiler.ast.TypeReference.baseTypeReference(II[[Lorg/eclipse/jdt/internal/compiler/ast/Annotation;)Lorg/eclipse/jdt/internal/compiler/ast/TypeRefer
Event: 769397.306 Thread 0x000002017684b060 DEOPT PACKING pc=0x0000020154b3d254 sp=0x000000ac9ddfdc50
Event: 769397.306 Thread 0x000002017684b060 DEOPT UNPACKING pc=0x0000020153483aa2 sp=0x000000ac9ddfdbd8 mode 2
Event: 769397.317 Thread 0x000002017684b060 Uncommon trap: trap_request=0xffffffde fr.pc=0x0000020155c479ac relative=0x0000000000004dac
Event: 769397.318 Thread 0x000002017684b060 Uncommon trap: reason=class_check action=maybe_recompile pc=0x0000020155c479ac method=lombok.eclipse.handlers.HandleFieldDefaults.visitType(Llombok/eclipse/EclipseNode;Lorg/eclipse/jdt/internal/compiler/ast/TypeDeclaration;)V @ 111 c2
Event: 769397.319 Thread 0x000002017684b060 DEOPT PACKING pc=0x0000020155c479ac sp=0x000000ac9ddfda20
Event: 769397.319 Thread 0x000002017684b060 DEOPT UNPACKING pc=0x0000020153483aa2 sp=0x000000ac9ddfda08 mode 2
Event: 779590.925 Thread 0x0000020176852680 Uncommon trap: trap_request=0xffffff45 fr.pc=0x00000201548b48d0 relative=0x0000000000000190
Event: 779590.926 Thread 0x0000020176852680 Uncommon trap: reason=unstable_if action=reinterpret pc=0x00000201548b48d0 method=org.eclipse.jface.text.ListLineTracker.getLineOffset(I)I @ 35 c2
Event: 779590.926 Thread 0x0000020176852680 DEOPT PACKING pc=0x00000201548b48d0 sp=0x000000ac9e7fec10
Event: 779590.928 Thread 0x0000020176852680 DEOPT UNPACKING pc=0x0000020153483aa2 sp=0x000000ac9e7feb88 mode 2

Classes loaded (20 events):
Event: 18787.615 Loading class java/nio/channels/CompletionHandler
Event: 18787.615 Loading class java/nio/channels/CompletionHandler done
Event: 18788.860 Loading class java/util/stream/ReduceOps$5
Event: 18788.860 Loading class java/util/stream/ReduceOps$5 done
Event: 18788.860 Loading class java/util/stream/ReduceOps$CountingSink$OfRef
Event: 18788.861 Loading class java/util/stream/ReduceOps$CountingSink
Event: 18788.861 Loading class java/util/stream/ReduceOps$CountingSink done
Event: 18788.861 Loading class java/util/stream/ReduceOps$CountingSink$OfRef done
Event: 19143.109 Loading class java/util/regex/Pattern$Behind
Event: 19143.109 Loading class java/util/regex/Pattern$Behind done
Event: 19143.110 Loading class java/util/regex/Pattern$Neg
Event: 19143.110 Loading class java/util/regex/Pattern$Neg done
Event: 19444.482 Loading class java/nio/file/Path$1
Event: 19444.483 Loading class java/nio/file/Path$1 done
Event: 19945.502 Loading class java/lang/StringLatin1$CharsSpliterator
Event: 19945.503 Loading class java/lang/StringLatin1$CharsSpliterator done
Event: 20815.403 Loading class java/util/function/IntPredicate
Event: 20815.404 Loading class java/util/function/IntPredicate done
Event: 20815.442 Loading class java/util/regex/Pattern$Bound
Event: 20815.442 Loading class java/util/regex/Pattern$Bound done

Classes unloaded (20 events):
Event: 19144.563 Thread 0x000002015f874a30 Unloading class 0x0000020101182c00 'org/apache/maven/shared/filtering/MavenReaderFilterRequest'
Event: 19144.563 Thread 0x000002015f874a30 Unloading class 0x0000020101002200 'org/apache/maven/shared/filtering/MavenFileFilterRequest'
Event: 19144.563 Thread 0x000002015f874a30 Unloading class 0x0000020101002000 'org/codehaus/plexus/interpolation/Interpolator'
Event: 19144.563 Thread 0x000002015f874a30 Unloading class 0x00000201010065c8 'org/codehaus/plexus/interpolation/BasicInterpolator'
Event: 19144.563 Thread 0x000002015f874a30 Unloading class 0x00000201010063c8 'org/codehaus/plexus/interpolation/ValueSource'
Event: 19144.563 Thread 0x000002015f874a30 Unloading class 0x0000020101006000 'org/apache/maven/shared/filtering/MavenResourcesExecution'
Event: 19144.563 Thread 0x000002015f874a30 Unloading class 0x0000020101008cb0 'org/apache/maven/shared/filtering/AbstractMavenFilteringRequest'
Event: 19144.563 Thread 0x000002015f874a30 Unloading class 0x0000020101008a50 'org/apache/maven/shared/filtering/MavenFilteringException'
Event: 19144.563 Thread 0x000002015f874a30 Unloading class 0x0000020101008800 'org/apache/maven/shared/filtering/DefaultMavenResourcesFiltering'
Event: 19144.563 Thread 0x000002015f874a30 Unloading class 0x000002010100cc90 'org/apache/maven/shared/filtering/MavenResourcesFiltering'
Event: 19144.563 Thread 0x000002015f874a30 Unloading class 0x000002010100ca00 'org/apache/maven/shared/filtering/DefaultMavenReaderFilter'
Event: 19144.563 Thread 0x000002015f874a30 Unloading class 0x000002010100c800 'org/apache/maven/shared/filtering/MavenReaderFilter'
Event: 19144.563 Thread 0x000002015f874a30 Unloading class 0x000002010100d450 'org/apache/maven/shared/filtering/DefaultMavenFileFilter'
Event: 19144.563 Thread 0x000002015f874a30 Unloading class 0x000002010100d200 'org/apache/maven/shared/filtering/BaseFilter'
Event: 19144.563 Thread 0x000002015f874a30 Unloading class 0x000002010100d000 'org/apache/maven/shared/filtering/MavenFileFilter'
Event: 19144.563 Thread 0x000002015f874a30 Unloading class 0x0000020101018598 'org/apache/maven/shared/filtering/DefaultFilterInfo'
Event: 19144.563 Thread 0x000002015f874a30 Unloading class 0x0000020101018288 'org/apache/maven/plugins/resources/TestResourcesMojo'
Event: 19144.563 Thread 0x000002015f874a30 Unloading class 0x0000020101018000 'org/apache/maven/plugins/maven_resources_plugin/HelpMojo'
Event: 19144.563 Thread 0x000002015f874a30 Unloading class 0x000002010116eb10 'org/apache/maven/plugins/resources/CopyResourcesMojo'
Event: 19144.563 Thread 0x000002015f874a30 Unloading class 0x000002010116e800 'org/apache/maven/plugins/resources/ResourcesMojo'

Classes redefined (0 events):
No events

Internal exceptions (20 events):
Event: 177084.284 Thread 0x0000020162c9ab30 Exception <a 'sun/nio/fs/WindowsException'{0x00000000d568f5b0}> (0x00000000d568f5b0) 
thrown [s\src\hotspot\share\prims\jni.cpp, line 520]
Event: 244189.346 Thread 0x000002016c524cc0 Exception <a 'sun/nio/fs/WindowsException'{0x00000000d57ad068}> (0x00000000d57ad068) 
thrown [s\src\hotspot\share\prims\jni.cpp, line 520]
Event: 244189.348 Thread 0x000002016c524cc0 Exception <a 'sun/nio/fs/WindowsException'{0x00000000d57ada18}> (0x00000000d57ada18) 
thrown [s\src\hotspot\share\prims\jni.cpp, line 520]
Event: 262371.995 Thread 0x0000020162c9ab30 Exception <a 'sun/nio/fs/WindowsException'{0x00000000d55a0010}> (0x00000000d55a0010) 
thrown [s\src\hotspot\share\prims\jni.cpp, line 520]
Event: 262371.997 Thread 0x0000020162c9ab30 Exception <a 'sun/nio/fs/WindowsException'{0x00000000d55a0c68}> (0x00000000d55a0c68) 
thrown [s\src\hotspot\share\prims\jni.cpp, line 520]
Event: 338591.875 Thread 0x000002016c524cc0 Exception <a 'sun/nio/fs/WindowsException'{0x00000000d57a9f50}> (0x00000000d57a9f50) 
thrown [s\src\hotspot\share\prims\jni.cpp, line 520]
Event: 338591.877 Thread 0x000002016c524cc0 Exception <a 'sun/nio/fs/WindowsException'{0x00000000d57aa900}> (0x00000000d57aa900) 
thrown [s\src\hotspot\share\prims\jni.cpp, line 520]
Event: 509885.731 Thread 0x000002017684b060 Exception <a 'sun/nio/fs/WindowsException'{0x00000000d56f5b50}> (0x00000000d56f5b50) 
thrown [s\src\hotspot\share\prims\jni.cpp, line 520]
Event: 509885.733 Thread 0x000002017684b060 Exception <a 'sun/nio/fs/WindowsException'{0x00000000d56f6500}> (0x00000000d56f6500) 
thrown [s\src\hotspot\share\prims\jni.cpp, line 520]
Event: 531973.687 Thread 0x000002017684eb70 Exception <a 'sun/nio/fs/WindowsException'{0x00000000d559f650}> (0x00000000d559f650) 
thrown [s\src\hotspot\share\prims\jni.cpp, line 520]
Event: 531973.690 Thread 0x000002017684eb70 Exception <a 'sun/nio/fs/WindowsException'{0x00000000d55a0020}> (0x00000000d55a0020) 
thrown [s\src\hotspot\share\prims\jni.cpp, line 520]
Event: 618865.032 Thread 0x000002017684b6f0 Exception <a 'sun/nio/fs/WindowsException'{0x00000000d56242d8}> (0x00000000d56242d8) 
thrown [s\src\hotspot\share\prims\jni.cpp, line 520]
Event: 618865.034 Thread 0x000002017684b6f0 Exception <a 'sun/nio/fs/WindowsException'{0x00000000d5624ca8}> (0x00000000d5624ca8) 
thrown [s\src\hotspot\share\prims\jni.cpp, line 520]
Event: 645103.937 Thread 0x000002017684f200 Implicit null exception at 0x0000020154f08f6b to 0x0000020154f096e0
Event: 645403.357 Thread 0x000002017684b060 Exception <a 'sun/nio/fs/WindowsException'{0x00000000d55c54b8}> (0x00000000d55c54b8) 
thrown [s\src\hotspot\share\prims\jni.cpp, line 520]
Event: 645403.359 Thread 0x000002017684b060 Exception <a 'sun/nio/fs/WindowsException'{0x00000000d55c60c8}> (0x00000000d55c60c8) 
thrown [s\src\hotspot\share\prims\jni.cpp, line 520]
Event: 769344.203 Thread 0x000002017684d130 Exception <a 'sun/nio/fs/WindowsException'{0x00000000d56c5348}> (0x00000000d56c5348) 
thrown [s\src\hotspot\share\prims\jni.cpp, line 520]
Event: 769344.207 Thread 0x000002017684d130 Exception <a 'sun/nio/fs/WindowsException'{0x00000000d56c5cf8}> (0x00000000d56c5cf8) 
thrown [s\src\hotspot\share\prims\jni.cpp, line 520]
Event: 779845.156 Thread 0x000002017684caa0 Exception <a 'sun/nio/fs/WindowsException'{0x00000000d56fae10}> (0x00000000d56fae10) 
thrown [s\src\hotspot\share\prims\jni.cpp, line 520]
Event: 779845.157 Thread 0x000002017684caa0 Exception <a 'sun/nio/fs/WindowsException'{0x00000000d56fba20}> (0x00000000d56fba20) 
thrown [s\src\hotspot\share\prims\jni.cpp, line 520]

ZGC Phase Switch (0 events):
No events

VM Operations (20 events):
Event: 779863.352 Executing VM operation: HandshakeAllThreads (HandshakeForDeflation)
Event: 779863.353 Executing VM operation: HandshakeAllThreads (HandshakeForDeflation) done
Event: 779863.353 Executing VM operation: RendezvousGCThreads
Event: 779863.353 Executing VM operation: RendezvousGCThreads done
Event: 780344.394 Executing VM operation: HandshakeAllThreads (HandshakeForDeflation)
Event: 780344.394 Executing VM operation: HandshakeAllThreads (HandshakeForDeflation) done
Event: 780344.394 Executing VM operation: RendezvousGCThreads
Event: 780344.394 Executing VM operation: RendezvousGCThreads done
Event: 781246.714 Executing VM operation: HandshakeAllThreads (HandshakeForDeflation)
Event: 781246.714 Executing VM operation: HandshakeAllThreads (HandshakeForDeflation) done
Event: 781246.714 Executing VM operation: RendezvousGCThreads
Event: 781246.714 Executing VM operation: RendezvousGCThreads done
Event: 782148.806 Executing VM operation: HandshakeAllThreads (HandshakeForDeflation)
Event: 782148.806 Executing VM operation: HandshakeAllThreads (HandshakeForDeflation) done
Event: 782148.806 Executing VM operation: RendezvousGCThreads
Event: 782148.806 Executing VM operation: RendezvousGCThreads done
Event: 783050.430 Executing VM operation: HandshakeAllThreads (HandshakeForDeflation)
Event: 783050.430 Executing VM operation: HandshakeAllThreads (HandshakeForDeflation) done
Event: 783050.430 Executing VM operation: RendezvousGCThreads
Event: 783050.430 Executing VM operation: RendezvousGCThreads done

Memory protections (0 events):
No events

Nmethod flushes (20 events):
Event: 19798.951 Thread 0x000002015f874a30 flushing osr nmethod 0x000002014f735910
Event: 19798.951 Thread 0x000002015f874a30 flushing  nmethod 0x000002014f740b10
Event: 19798.951 Thread 0x000002015f874a30 flushing  nmethod 0x000002014f74ee10
Event: 19798.951 Thread 0x000002015f874a30 flushing  nmethod 0x000002014f75b110
Event: 19798.951 Thread 0x000002015f874a30 flushing  nmethod 0x000002014f765c10
Event: 19798.951 Thread 0x000002015f874a30 flushing  nmethod 0x000002014f781390
Event: 19798.951 Thread 0x000002015f874a30 flushing  nmethod 0x000002014f790210
Event: 19798.951 Thread 0x000002015f874a30 flushing  nmethod 0x000002014f7b6110
Event: 19798.951 Thread 0x000002015f874a30 flushing osr nmethod 0x000002014f7d7710
Event: 19798.951 Thread 0x000002015f874a30 flushing  nmethod 0x000002014f801510
Event: 19798.951 Thread 0x000002015f874a30 flushing  nmethod 0x000002014f81cc90
Event: 19798.951 Thread 0x000002015f874a30 flushing  nmethod 0x000002014f85a490
Event: 19798.951 Thread 0x000002015f874a30 flushing  nmethod 0x000002014f8a8a10
Event: 19798.951 Thread 0x000002015f874a30 flushing  nmethod 0x000002014f919190
Event: 19798.951 Thread 0x000002015f874a30 flushing  nmethod 0x000002014f947e10
Event: 19798.951 Thread 0x000002015f874a30 flushing  nmethod 0x000002014f9cb010
Event: 19798.951 Thread 0x000002015f874a30 flushing  nmethod 0x000002014f9cba90
Event: 19798.951 Thread 0x000002015f874a30 flushing  nmethod 0x000002014f9cd810
Event: 19798.951 Thread 0x000002015f874a30 flushing  nmethod 0x000002014fa8d710
Event: 19798.951 Thread 0x000002015f874a30 flushing  nmethod 0x000002014fa9bb10

Events (20 events):
Event: 779471.857 Thread 0x000002016b6130c0 Thread exited: 0x000002016b6130c0
Event: 779531.857 Thread 0x000002016b610ff0 Thread exited: 0x000002016b610ff0
Event: 779664.940 Thread 0x000002016b615820 Thread exited: 0x000002016b615820
Event: 779724.940 Thread 0x0000020176852680 Thread exited: 0x0000020176852680
Event: 779784.944 Thread 0x000002016b614b00 Thread exited: 0x000002016b614b00
Event: 779844.944 Thread 0x0000020176851ff0 Thread exited: 0x0000020176851ff0
Event: 779845.153 Thread 0x000002017684caa0 Thread added: 0x000002016b613750
Event: 779845.154 Thread 0x000002016b613750 Thread exited: 0x000002016b613750
Event: 779845.157 Thread 0x000002017684caa0 Thread added: 0x000002016b613750
Event: 779845.159 Thread 0x000002016b613750 Thread added: 0x000002016b60fc40
Event: 779845.159 Thread 0x000002016b613750 Thread exited: 0x000002016b613750
Event: 779845.159 Thread 0x000002016b60fc40 Thread exited: 0x000002016b60fc40
Event: 779904.948 Thread 0x000002017684eb70 Thread exited: 0x000002017684eb70
Event: 779964.948 Thread 0x000002016b615eb0 Thread exited: 0x000002016b615eb0
Event: 780024.952 Thread 0x000002016b615190 Thread exited: 0x000002016b615190
Event: 780084.965 Thread 0x000002017684b6f0 Thread exited: 0x000002017684b6f0
Event: 780144.971 Thread 0x000002017684e4e0 Thread exited: 0x000002017684e4e0
Event: 780204.973 Thread 0x000002017684f890 Thread exited: 0x000002017684f890
Event: 780264.974 Thread 0x00000201768512d0 Thread exited: 0x00000201768512d0
Event: 780324.978 Thread 0x000002017684c410 Thread exited: 0x000002017684c410


Dynamic libraries:
0x00007ff7aced0000 - 0x00007ff7acede000 	c:\Users\Asus\.antigravity\extensions\redhat.java-1.52.0-win32-x64\jre\21.0.9-win32-x86_64\bin\java.exe
0x00007ffee9cf0000 - 0x00007ffee9ee8000 	C:\Windows\SYSTEM32\ntdll.dll
0x00007ffee99a0000 - 0x00007ffee9a62000 	C:\Windows\System32\KERNEL32.DLL
0x00007ffee76c0000 - 0x00007ffee79b6000 	C:\Windows\System32\KERNELBASE.dll
0x00007ffee2440000 - 0x00007ffee24d4000 	C:\Windows\SYSTEM32\apphelp.dll
0x00007ffee79f0000 - 0x00007ffee7af0000 	C:\Windows\System32\ucrtbase.dll
0x00007ffec6ff0000 - 0x00007ffec7008000 	c:\Users\Asus\.antigravity\extensions\redhat.java-1.52.0-win32-x64\jre\21.0.9-win32-x86_64\bin\jli.dll
0x00007ffec0350000 - 0x00007ffec036e000 	c:\Users\Asus\.antigravity\extensions\redhat.java-1.52.0-win32-x64\jre\21.0.9-win32-x86_64\bin\VCRUNTIME140.dll
0x00007ffee7e30000 - 0x00007ffee7fd1000 	C:\Windows\System32\USER32.dll
0x00007ffee7420000 - 0x00007ffee7442000 	C:\Windows\System32\win32u.dll
0x00007ffed4180000 - 0x00007ffed441b000 	C:\Windows\WinSxS\amd64_microsoft.windows.common-controls_6595b64144ccf1df_6.0.19041.6456_none_60b8a6cb71f64256\COMCTL32.dll
0x00007ffee8070000 - 0x00007ffee809b000 	C:\Windows\System32\GDI32.dll
0x00007ffee9530000 - 0x00007ffee95ce000 	C:\Windows\System32\msvcrt.dll
0x00007ffee7af0000 - 0x00007ffee7c09000 	C:\Windows\System32\gdi32full.dll
0x00007ffee7380000 - 0x00007ffee741d000 	C:\Windows\System32\msvcp_win.dll
0x00007ffee8910000 - 0x00007ffee893f000 	C:\Windows\System32\IMM32.DLL
0x00007ffee23e0000 - 0x00007ffee23ec000 	c:\Users\Asus\.antigravity\extensions\redhat.java-1.52.0-win32-x64\jre\21.0.9-win32-x86_64\bin\vcruntime140_1.dll
0x00007ffeae9f0000 - 0x00007ffeaea7d000 	c:\Users\Asus\.antigravity\extensions\redhat.java-1.52.0-win32-x64\jre\21.0.9-win32-x86_64\bin\msvcp140.dll
0x00007ffe64680000 - 0x00007ffe65420000 	c:\Users\Asus\.antigravity\extensions\redhat.java-1.52.0-win32-x64\jre\21.0.9-win32-x86_64\bin\server\jvm.dll
0x00007ffee8720000 - 0x00007ffee87d1000 	C:\Windows\System32\ADVAPI32.dll
0x00007ffee9900000 - 0x00007ffee999f000 	C:\Windows\System32\sechost.dll
0x00007ffee7d10000 - 0x00007ffee7e30000 	C:\Windows\System32\RPCRT4.dll
0x00007ffee79c0000 - 0x00007ffee79e7000 	C:\Windows\System32\bcrypt.dll
0x00007ffee9830000 - 0x00007ffee989b000 	C:\Windows\System32\WS2_32.dll
0x00007ffee71e0000 - 0x00007ffee722b000 	C:\Windows\SYSTEM32\POWRPROF.dll
0x00007ffedd220000 - 0x00007ffedd247000 	C:\Windows\SYSTEM32\WINMM.dll
0x00007ffee0ad0000 - 0x00007ffee0ada000 	C:\Windows\SYSTEM32\VERSION.dll
0x00007ffee71c0000 - 0x00007ffee71d2000 	C:\Windows\SYSTEM32\UMPDC.dll
0x00007ffee5bc0000 - 0x00007ffee5bd2000 	C:\Windows\SYSTEM32\kernel.appcore.dll
0x00007ffedeff0000 - 0x00007ffedeffa000 	c:\Users\Asus\.antigravity\extensions\redhat.java-1.52.0-win32-x64\jre\21.0.9-win32-x86_64\bin\jimage.dll
0x00007ffee56d0000 - 0x00007ffee58d1000 	C:\Windows\SYSTEM32\DBGHELP.DLL
0x00007ffee02c0000 - 0x00007ffee02f4000 	C:\Windows\SYSTEM32\dbgcore.DLL
0x00007ffee74d0000 - 0x00007ffee7552000 	C:\Windows\System32\bcryptPrimitives.dll
0x00007ffedaa20000 - 0x00007ffedaa2f000 	c:\Users\Asus\.antigravity\extensions\redhat.java-1.52.0-win32-x64\jre\21.0.9-win32-x86_64\bin\instrument.dll
0x00007ffebcab0000 - 0x00007ffebcad0000 	c:\Users\Asus\.antigravity\extensions\redhat.java-1.52.0-win32-x64\jre\21.0.9-win32-x86_64\bin\java.dll
0x00007ffee8ca0000 - 0x00007ffee9410000 	C:\Windows\System32\SHELL32.dll
0x00007ffee4f20000 - 0x00007ffee56c5000 	C:\Windows\SYSTEM32\windows.storage.dll
0x00007ffee8940000 - 0x00007ffee8c94000 	C:\Windows\System32\combase.dll
0x00007ffee6cd0000 - 0x00007ffee6cfb000 	C:\Windows\SYSTEM32\Wldp.dll
0x00007ffee9630000 - 0x00007ffee96fd000 	C:\Windows\System32\OLEAUT32.dll
0x00007ffee9780000 - 0x00007ffee982d000 	C:\Windows\System32\SHCORE.dll
0x00007ffee9a70000 - 0x00007ffee9acb000 	C:\Windows\System32\shlwapi.dll
0x00007ffee72b0000 - 0x00007ffee72d4000 	C:\Windows\SYSTEM32\profapi.dll
0x00007ffebcad0000 - 0x00007ffebcae8000 	c:\Users\Asus\.antigravity\extensions\redhat.java-1.52.0-win32-x64\jre\21.0.9-win32-x86_64\bin\zip.dll
0x00007ffed6ae0000 - 0x00007ffed6af0000 	C:\Users\Asus\.antigravity\extensions\redhat.java-1.52.0-win32-x64\jre\21.0.9-win32-x86_64\bin\net.dll
0x00007ffee0450000 - 0x00007ffee055a000 	C:\Windows\SYSTEM32\WINHTTP.dll
0x00007ffee6a30000 - 0x00007ffee6a9a000 	C:\Windows\system32\mswsock.dll
0x00007ffebc730000 - 0x00007ffebc746000 	C:\Users\Asus\.antigravity\extensions\redhat.java-1.52.0-win32-x64\jre\21.0.9-win32-x86_64\bin\nio.dll
0x00007ffed69f0000 - 0x00007ffed6a00000 	c:\Users\Asus\.antigravity\extensions\redhat.java-1.52.0-win32-x64\jre\21.0.9-win32-x86_64\bin\verify.dll
0x00007ffebc9d0000 - 0x00007ffebca15000 	C:\Users\Asus\AppData\Roaming\Antigravity\User\globalStorage\redhat.java\1.52.0\config_win\org.eclipse.equinox.launcher\org.eclipse.equinox.launcher.win32.win32.x86_64_1.2.1500.v20260121-1430\eclipse_11919.dll
0x00007ffee87e0000 - 0x00007ffee890b000 	C:\Windows\System32\ole32.dll
0x00007ffee6c20000 - 0x00007ffee6c38000 	C:\Windows\SYSTEM32\CRYPTSP.dll
0x00007ffee6350000 - 0x00007ffee6388000 	C:\Windows\system32\rsaenh.dll
0x00007ffee7270000 - 0x00007ffee729e000 	C:\Windows\SYSTEM32\USERENV.dll
0x00007ffee6c40000 - 0x00007ffee6c4c000 	C:\Windows\SYSTEM32\CRYPTBASE.dll
0x00007ffee6710000 - 0x00007ffee674b000 	C:\Windows\SYSTEM32\IPHLPAPI.DLL
0x00007ffee9ad0000 - 0x00007ffee9ad8000 	C:\Windows\System32\NSI.dll
0x00007ffeadc30000 - 0x00007ffeadc79000 	C:\Users\Asus\AppData\Local\Temp\jna-2050672\jna6421251583413001031.dll
0x00007ffee8710000 - 0x00007ffee8718000 	C:\Windows\System32\PSAPI.DLL
0x00007ffee0940000 - 0x00007ffee0957000 	C:\Windows\SYSTEM32\dhcpcsvc6.DLL
0x00007ffee0df0000 - 0x00007ffee0e0d000 	C:\Windows\SYSTEM32\dhcpcsvc.DLL
0x00007ffee2410000 - 0x00007ffee241e000 	C:\Users\Asus\.antigravity\extensions\redhat.java-1.52.0-win32-x64\jre\21.0.9-win32-x86_64\bin\sunmscapi.dll
0x00007ffee7560000 - 0x00007ffee76bd000 	C:\Windows\System32\CRYPT32.dll
0x00007ffee6d40000 - 0x00007ffee6d67000 	C:\Windows\SYSTEM32\ncrypt.dll
0x00007ffee6d00000 - 0x00007ffee6d3b000 	C:\Windows\SYSTEM32\NTASN1.dll
0x00007ffee6750000 - 0x00007ffee681a000 	C:\Windows\SYSTEM32\DNSAPI.dll
0x0000000074e00000 - 0x0000000074e26000 	C:\Program Files\Bonjour\mdnsNSP.dll
0x00007ffee0d50000 - 0x00007ffee0d5a000 	C:\Windows\System32\rasadhlp.dll
0x00007ffeda440000 - 0x00007ffeda4c0000 	C:\Windows\System32\fwpuclnt.dll
0x00007ffed6a30000 - 0x00007ffed6a39000 	C:\Users\Asus\.antigravity\extensions\redhat.java-1.52.0-win32-x64\jre\21.0.9-win32-x86_64\bin\extnet.dll
0x00007ffee65a0000 - 0x00007ffee65d3000 	C:\Windows\SYSTEM32\ntmarta.dll

JVMTI agents:
c:\Users\Asus\.antigravity\extensions\redhat.java-1.52.0-win32-x64\lombok\lombok-1.18.39-4050.jar path:c:\Users\Asus\.antigravity\extensions\redhat.java-1.52.0-win32-x64\jre\21.0.9-win32-x86_64\bin\instrument.dll, loaded, initialized, instrumentlib options:none

dbghelp: loaded successfully - version: 4.0.5 - missing functions: none
symbol engine: initialized successfully - sym options: 0x614 - pdb path: .;c:\Users\Asus\.antigravity\extensions\redhat.java-1.52.0-win32-x64\jre\21.0.9-win32-x86_64\bin;C:\Windows\SYSTEM32;C:\Windows\WinSxS\amd64_microsoft.windows.common-controls_6595b64144ccf1df_6.0.19041.6456_none_60b8a6cb71f64256;c:\Users\Asus\.antigravity\extensions\redhat.java-1.52.0-win32-x64\jre\21.0.9-win32-x86_64\bin\server;C:\Users\Asus\AppData\Roaming\Antigravity\User\globalStorage\redhat.java\1.52.0\config_win\org.eclipse.equinox.launcher\org.eclipse.equinox.launcher.win32.win32.x86_64_1.2.1500.v20260121-1430;C:\Users\Asus\AppData\Local\Temp\jna-2050672;C:\Program Files\Bonjour

VM Arguments:
jvm_args: --add-modules=ALL-SYSTEM --add-opens=java.base/java.util=ALL-UNNAMED --add-opens=java.base/java.lang=ALL-UNNAMED --add-opens=java.base/sun.nio.fs=ALL-UNNAMED -Declipse.application=org.eclipse.jdt.ls.core.id1 -Dosgi.bundles.defaultStartLevel=4 -Declipse.product=org.eclipse.jdt.ls.core.product -Djava.import.generatesMetadataFilesAtProjectRoot=false -DDetectVMInstallationsJob.disabled=true -Dfile.encoding=utf8 -XX:+UseParallelGC -XX:GCTimeRatio=4 -XX:AdaptiveSizePolicyWeight=90 -Dsun.zip.disableMemoryMapping=true -Xmx2G -Xms100m -Xlog:disable -javaagent:c:\Users\Asus\.antigravity\extensions\redhat.java-1.52.0-win32-x64\lombok\lombok-1.18.39-4050.jar -XX:+HeapDumpOnOutOfMemoryError -XX:HeapDumpPath=c:\Users\Asus\AppData\Roaming\Antigravity\User\workspaceStorage\6ea46dcaa49e66855af1c6cbe6b7c78a\redhat.java -Daether.dependencyCollector.impl=bf 
java_command: c:\Users\Asus\.antigravity\extensions\redhat.java-1.52.0-win32-x64\server\plugins\org.eclipse.equinox.launcher_1.7.100.v20251111-0406.jar -configuration c:\Users\Asus\AppData\Roaming\Antigravity\User\globalStorage\redhat.java\1.52.0\config_win -data c:\Users\Asus\AppData\Roaming\Antigravity\User\workspaceStorage\6ea46dcaa49e66855af1c6cbe6b7c78a\redhat.java\jdt_ws --pipe=\\.\pipe\lsp-8dce2fa07095379a9b21f5da4d19fbcc-sock
java_class_path (initial): c:\Users\Asus\.antigravity\extensions\redhat.java-1.52.0-win32-x64\server\plugins\org.eclipse.equinox.launcher_1.7.100.v20251111-0406.jar
Launcher Type: SUN_STANDARD

[Global flags]
    uintx AdaptiveSizePolicyWeight                 = 90                                        {product} {command line}
     intx CICompilerCount                          = 12                                        {product} {ergonomic}
    uintx GCTimeRatio                              = 4                                         {product} {command line}
     bool HeapDumpOnOutOfMemoryError               = true                                   {manageable} {command line}
    ccstr HeapDumpPath                             = c:\Users\Asus\AppData\Roaming\Antigravity\User\workspaceStorage\6ea46dcaa49e66855af1c6cbe6b7c78a\redhat.java         {manageable} {command line}
   size_t InitialHeapSize                          = 104857600                                 {product} {command line}
   size_t MaxHeapSize                              = 2147483648                                {product} {command line}
   size_t MaxNewSize                               = 715653120                                 {product} {ergonomic}
   size_t MinHeapDeltaBytes                        = 524288                                    {product} {ergonomic}
   size_t MinHeapSize                              = 104857600                                 {product} {command line}
   size_t NewSize                                  = 34603008                                  {product} {ergonomic}
    uintx NonNMethodCodeHeapSize                   = 7602480                                {pd product} {ergonomic}
    uintx NonProfiledCodeHeapSize                  = 122027880                              {pd product} {ergonomic}
   size_t OldSize                                  = 70254592                                  {product} {ergonomic}
    uintx ProfiledCodeHeapSize                     = 122027880                              {pd product} {ergonomic}
    uintx ReservedCodeCacheSize                    = 251658240                              {pd product} {ergonomic}
     bool SegmentedCodeCache                       = true                                      {product} {ergonomic}
   size_t SoftMaxHeapSize                          = 2147483648                             {manageable} {ergonomic}
     bool UseCompressedOops                        = true                           {product lp64_product} {ergonomic}
     bool UseLargePagesIndividualAllocation        = false                                  {pd product} {ergonomic}
     bool UseParallelGC                            = true                                      {product} {command line}

Logging:
Log output configuration:
 #0: stdout all=off uptime,level,tags foldmultilines=false
 #1: stderr all=off uptime,level,tags foldmultilines=false

Release file:
JAVA_VERSION="21.0.9" 
MODULES="java.base java.compiler java.datatransfer java.xml java.prefs java.desktop java.instrument java.logging java.management java.security.sasl java.naming java.rmi java.management.rmi java.net.http java.scripting java.security.jgss java.transaction.xa java.sql java.sql.rowset java.xml.crypto java.se java.smartcardio jdk.accessibility jdk.internal.jvmstat jdk.attach jdk.charsets jdk.internal.opt jdk.zipfs jdk.compiler jdk.crypto.ec jdk.crypto.cryptoki jdk.crypto.mscapi jdk.dynalink jdk.internal.ed jdk.editpad jdk.hotspot.agent jdk.httpserver jdk.internal.le jdk.internal.vm.ci jdk.internal.vm.compiler jdk.internal.vm.compiler.management jdk.jartool jdk.javadoc jdk.jcmd jdk.management jdk.management.agent jdk.jconsole jdk.jdeps jdk.jdwp.agent jdk.jdi jdk.jfr jdk.jshell jdk.jsobject jdk.jstatd jdk.localedata jdk.management.jfr jdk.naming.dns jdk.naming.rmi jdk.net jdk.nio.mapmode jdk.random jdk.sctp jdk.security.auth jdk.security.jgss jdk.unsupported jdk.unsupported.desktop jdk.xml.dom" 

Environment Variables:
PATH=C:\Python314\Scripts\;C:\Python314\;C:\Program Files\Eclipse Adoptium\jdk-21.0.9.10-hotspot\bin;C:\Program Files (x86)\NVIDIA Corporation\PhysX\Common;C:\Program Files (x86)\Common Files\Oracle\Java\javapath;C:\Program Files (x86)\Common Files\Intel\Shared Libraries\redist\intel64\compiler;C:\Windows\system32;C:\Windows;C:\Windows\System32\Wbem;C:\Windows\System32\WindowsPowerShell\v1.0\;C:\Windows\System32\OpenSSH\;C:\Program Files\Microsoft SQL Server\Client SDK\ODBC\170\Tools\Binn\;C:\Program Files (x86)\Microsoft SQL Server\150\Tools\Binn\;C:\Program Files\Microsoft SQL Server\150\Tools\Binn\;C:\Program Files\Microsoft SQL Server\150\DTS\Binn\;C:\Program Files (x86)\Windows Kits\8.1\Windows Performance Toolkit\;C:\Program Files\dotnet\;C:\Program Files\Polyspace\R2019a\runtime\win64;C:\Program Files\Polyspace\R2019a\bin;C:\Program Files\Polyspace\R2019a\polyspace\bin;C:\Program Files\NVIDIA Corporation\NVIDIA NvDLISR;C:\Program Files\Git\cmd;C:\Program Files\Apache\maven\apache-maven-3.9.11\bin;C:\Program Files\nodejs\;C:\ProgramData\chocolatey\bin;C:\msys64\ucrt64\bin;C:\Users\Asus\AppData\Local\Programs\Python\Python312\Scripts\;C:\Users\Asus\AppData\Local\Programs\Python\Python312\;C:\Users\Asus\AppData\Local\Microsoft\WindowsApps;C:\Users\Asus\AppData\Local\Programs\Microsoft VS Code\bin;C:\Users\Asus\AppData\Roaming\npm;C:\Users\Asus\AppData\Local\Programs\Antigravity\bin
USERNAME=Asus
OS=Windows_NT
PROCESSOR_IDENTIFIER=AMD64 Family 23 Model 96 Stepping 1, AuthenticAMD
TMP=C:\Users\Asus\AppData\Local\Temp
TEMP=C:\Users\Asus\AppData\Local\Temp




Periodic native trim disabled

---------------  S Y S T E M  ---------------

OS:
 Windows 10 , 64 bit Build 19041 (10.0.19041.5915)
OS uptime: 16 days 14:17 hours

CPU: total 16 (initial active 16) (16 cores per cpu, 2 threads per core) family 23 model 96 stepping 1 microcode 0x0, cx8, cmov, fxsr, ht, mmx, 3dnowpref, sse, sse2, sse3, ssse3, sse4a, sse4.1, sse4.2, popcnt, lzcnt, tsc, tscinvbit, avx, avx2, aes, clmul, bmi1, bmi2, adx, sha, fma, vzeroupper, clflush, clflushopt, rdtscp, rdpid, f16c
Processor Information for the first 16 processors :
  Max Mhz: 2900, Current Mhz: 2900, Mhz Limit: 2900

Memory: 4k page, system-wide physical 15789M (2035M free)
TotalPageFile size 49162M (AvailPageFile size 0M)
current process WorkingSet (physical memory assigned to process): 15M, peak: 1650M
current process commit charge ("private bytes"): 1073M, peak: 1874M

vm_info: OpenJDK 64-Bit Server VM (21.0.9+10-LTS) for windows-amd64 JRE (21.0.9+10-LTS), built on 2025-10-21T00:00:00Z by "admin" with unknown MS VC++:1942

END.
